[    0.00000]niializing cgroup subyscpse
[   00000] Initilizi cgrop bss cpu
[  0000000 Itiliznggrup subsys cpuacct
[   0.000000] Linux version 4.4.0-119-generic (buildd@lcy01-amd64-002) (gccerion 5.4.0 20160609 (Ubuntu 5.4.0-6ubuntu1~16.04.9) ) #143-Ubuntu SMP Mon Apr 2 16:08:22 UTC 2018 (Ubuntu 4.4.0-9.43genri 4.4.114)
[    0.000000] KERNEL supported cpus:
[    0.000000]   Intel GenuineIntel
[    0.000000]   AMD AuthenticAMD
[    0.000000]   NSC Geode by NSC
[    0.000000]   Cyrix CyrixInstead
[   0.000000]  Centr entauHas
[    0.000000]   Transmeta GenuineTMx86
[    0.000000]   Transmeta TransmetaCPU
[    0.000000]   UMC UMC UMC UMC
[    0.000000] x86/fpu: xstate_offset[2]:  576, xstate_sizes[2]:  256
[    0.000000] x86/fpu: Supporting XSAVE feature 0x01: 'x87 floating point registers'
[    0.000000] x86/fpu: Supporting XSAVE feature 0x02: 'SSE registers'
[    0.000000] x86/fpu: Supporting XSAVE feature 0x04: 'AVX registers'
[    0.000000] x86/fpu: Enabled xstate features 0x7, context size is 832 bytes, using 'standard' format.
[    0.000000] x86/fpu: Using 'lazy' FPU context switches.
[    0.000000] e820: BIOS-provided physical RAM map:
[    0.000000] BIOS-e820: [mem 0x0000000000000000-0x000000000009fbff] usable
[    0.000000] BIOS-e820: [mem 0x000000000009fc00-0x000000000009ffff] reserved
[    0.000000] BIOS-e820: [mem 0x00000000000f0000-0x00000000000fffff] reserved
[    0.000000] BIOS-e820: [mem 0x0000000000100000-0x000000003ffeffff] usable
[    0.000000] BIOS-e820: [mem 0x000000003fff0000-0x000000003fffffff] ACPI data
[    0.000000] BIOS-e820: [mem 0x00000000fffc0000-0x00000000ffffffff] reserved
[    0.000000] NX (Execute Disable) protection: active
[    0.000000] SMBIOS 2.5 present.
[    0.000000] Hypervisor detected: KVM
[    0.000000] e820: last_pfn = 0x3fff0 max_arch_pfn = 0x1000000
[    0.000000] MTRR: Disabled
[    0.000000] x86/PAT: MTRRs disabled, skipping PAT initialization too.
[    0.000000] CPU MTRRs all blank - virtualized system.
[    0.000000] x86/PAT: Configuration [0-7]: WB  T UC UC  WB W U- UC  
[  .000000] ou SMP P-bl at[m 0009f0-x0009fff mped at [c009fff0]
[    0.000000] Scanning 1 areas for low memory corruption
[    0.000000] RAMDISK: [mem 0x36abe000-0x37556fff]
[    0.000000] ACPI: Early table checksum verification disabled
[    0.000000] ACPI: RSDP 0x00000000000E0000 000024 (v02 VBOX  )
[    0.000000] ACPI: XSDT 0x000000003FFF0030 00003C (v01 VBOX   VBOXXSDT 00000001 ASL  00000061)
[    0.000000] ACPI: FACP 0x000000003FFF00F0 0000F4 (v04 VBOX   VBOXFACP 00000001 ASL  00000061)
[    0.000000] ACPI: DSDT 0x000000003FFF0470 002118 (v01 VBOX   VBOXBIOS 00000002 INTL 20160108)
[    0.000000] ACPI: FACS 0x000000003FFF0200 000040
[    0.000000] ACPI: FACS 0x000000003FFF0200 000040
[    0.000000] ACPI: APIC 0x000000003FFF0240 00005C (v02 VBOX   VBOXAPIC 00000001 ASL  00000061)
[    0.000000] ACPI: SSDT 0x000000003FFF02A0 0001CC (v01 VBOX   VBOXCPUT 00000002 INTL 20160108)
[    0.000000] 131MB HIGHMEM available.
[    0.000000] 891MB LOWMEM available.
[    0.000000]   mapped low ram: 0 - 37bfe000
[    0.000000]   low ram: 0 - 37bfe000
[    0.000000] kvm-clock: Using msrs 4b564d01 and 4b564d00
[    0.000000] kvm-clock: cpu 0, msr 0:37bfd001, primary cpu clock
[    0.000000] kvm-clock: using sched offset of 3244344289 cycles
[    0.000000] clocksource: kvm-clock: mask: 0xffffffffffffffff max_cycles: 0x1cd42e4dffb, max_idle_ns: 881590591483 ns
[    0.000000] Zone ranges:
[    0.000000]   DMA      [mem 0x0000000000001000-0x0000000000ffffff]
[    0.000000]   Normal   [mem 0x0000000001000000-0x0000000037bfdfff]
[    0.000000]   HighMem  [mem 0x0000000037bfe000-0x000000003ffeffff]
[    0.000000] Movable zone start for each node
[    0.000000] Early memory node ranges
[    0.000000]   node   0: [mem 0x0000000000001000-0x000000000009efff]
[    0.000000]   node   0: [mem 0x0000000000100000-0x000000003ffeffff]
[    0.000000] Initmem setup node 0 [mem 0x0000000000001000-0x000000003ffeffff]
[    0.000000] Using APIC driver default
[    0.000000] ACPI: PM-Tir IO or 04008
[    0.000000] IOAPIC[0]: apic_id 2, version 17, address 0xfec00000, GSI 0-23
[    0.000000] ACPI: INT_SRC_OVR (bus 0 bus_irq 0 global_irq 2 dfl dfl)
[    0.000000] ACPI: INT_SRC_OVR (bus 0 bus_irq 9 global_irq 9 high level)
[    0.000000] Using ACPI (MADT) for SMP configuration information
[   00000]smoo: Alloin 2PUs,  hplg CPUs
  0.00000] PM: Registered nosave memory: [mem 0x00000000-0x00000fff]
[    0.000000] PM: Registered nosave memory: [mem 0x0009f000-0x0009ffff]
[    0.000000] PM: Registered nosave memory: [mem 0x000a0000-0x000effff]
[    0.000000] PM: Registered nosave memory: [mem 0x000f0000-0x000fffff]
[    0.000000] e820: [mem 0x40000000-0xfffbffff] available for PCI devices
[    0.000000] Booting paravirtualized kernel on KVM
[    0.000000] clocksource: refined-jiffies: mask: 0xffffffff max_cycles: 0xffffffff, max_idle_ns: 7645519600211568 ns
[    0.000000] setup_percpu: NR_CPUS:8 nr_cpumask_bits:8 nr_cpu_ids:2 nr_node_ids:1
[    0.000000] PERCPU: Embedded 19 pages/cpu @f76b0000 s47436 r0 d30388 u77824
[    0.000000] PV qspinlock hash table entries: 512 (order: 0, 4096 bytes)
[    0.000000] Built 1 zonelists in Zone order, mobility grouping on.  Total pages: 259800
[    0.000000] Kernel command line: BOOT_IMAGE=/boot/vmlinuz-4.4.0-119-generic root=LABEL=cloudimg-rootfs ro console=tty1 console=ttyS0
[    0.000000] PID hash table entries: 4096 (order: 2, 16384 bytes)
[    0.000000] Dentry cache hash table entries: 131072 (order: 7, 524288 bytes)
[    0.000000] Inode-cache hash table entries: 65536 (order: 6, 262144 bytes)
[    0.000000] Initializing CPU#0
[    0.000000] Initializing HighMem for node 0 (00037bfe:0003fff0)
[    0.000000] Initializing Movable for node 0 (00000000:00000000)
[    0.000000] Memory: 1012008K/1048120K available (8013K kernel code, 777K rwdata, 3172K rodata, 948K init, 800K bss, 36112K reserved, 0K cma-reserved, 135112K highmem)
[    0.000000] virtual kernel memory layout:
[    0.000000]     fixmap  : 0xfff15000 - 0xfffff000   ( 936 kB)
[    0.000000]     pkmap   : 0xffc00000 - 0xffe00000   (2048 kB)
[    0.000000]     vmalloc : 0xf83fe000 - 0xffbfe000   ( 120 MB)
[    0.000000]     lowmem  : 0xc0000000 - 0xf7bfe000   ( 891 MB)
[    0.000000]       .init : 0xc1bb2000 - 0xc1c9f000   ( 948 kB)
[    0.000000]       .data : 0xc17d3774 - 0xc1bb0740   (3955 kB)
[    0.000000]       .text : 0xc1000000 - 0xc17d3774   (8013 kB)
[    0.000000] Checking if this processor honours the WP bit even in supervisor mode...Ok.
[    0.000000] SLUB: HWalign=64, Order=0-3, MinObjects=0, CPUs=2, Nodes=1
[    0.000000] Hierarchical RCU implementation.
[    0.000000] 	Build-time adjustment of leaf fanout to 32.
[    0.000000] 	RCU restricting CPUs from NR_CPUS=8 to nr_cpu_ids=2.
[    0.000000] RCU: Adjusting geometry for rcu_fanout_leaf=32, nr_cpu_ids=2
[    0.000000] NR_IRQS:2304 nr_irqs:440 16
[    0.000000] Console: colour VGA+ 80x25
[    0.000000] console [tty1] enabled
[    0.000000] console [ttyS0] enabled
[   0.000000] allocated 1048576 bytes of page_ext
[    0.000000] tsc: Detected 3593.284 MHz processor
[    0.000000] tsc: Marking TSC unstable due to TSCs unsynchronized
[    0.004000] Calibrating delay loop (skipped) preset value.. 7186.56 BogoMIPS (lpj=14373136)
[    0.004000] pid_max: default: 32768 minimum: 301
[    0.004000] ACPI: Core revision 20150930
[    0.004000] ACPI: 2 ACPI AML tables successfully acquired and loaded
[    0.004000] Security Framework initialized
[    0.004000] Yama: becoming mindful.
[    0.004000] AppArmor: AppArmor initialized
[    0.004000] Mount-cache hash table entries: 2048 (order: 1, 8192 bytes)
[    0.004000] Mountpoint-cache hash table entries: 2048 (order: 1, 8192 bytes)
[    0.004000] Initializing cgroup subsys io
[    0.004000] Initializing cgroup subsys memory
[    0.004000] Initializing cgroup subsys devices
[    0.004000] Initializing cgroup subsys freezer
[    0.004010] Initializing cgroup subsys net_cls
[    0.004847] Initializing cgroup subsys perf_event
[    0.005712] Initializing cgroup subsys net_prio
[    0.008007] Initializing cgroup subsys hugetlb
[    0.008841] Initializing cgroup subsys pids
[    0.012106] CPU: Physical Processor ID: 0
[    0.012886] CPU: Processor Core ID: 0
[    0.013634] FEATURE SPEC_CTRL Not Present
[    0.014419] FEATURE IBPB Not Present
[    0.016006] mce: CPU supports 0 MCE banks
[    0.016809] Last level iTLB entries: 4KB 512, 2MB 1024, 4MB 512
[    0.017825] Last level dTLB entries: 4KB 1024, 2MB 1024, 4MB 512, 1GB 0
[    0.018932] Spectre V2 mitigation: LFENCE not serializing. Switching to generic retpoline
[    0.020003] Spectre V2 mitigation: Mitigation: Full generic retpoline
[    0.021082] Spectre V2 mitigation: Speculation control IBPB not-supported IBRS not-supported
[    0.024003] Spectre V2 mitigation: Filling RSB on context switch
[    0.029605] Freeing SMP alternatives memory: 28K
[    0.041447] ftrace: allocating 31465 entries in 62 pages
[    0.060106] smpboot: APIC(0) Converting physical 0 to logical package 0
[    0.064005] smpboot: Max logical packages: 1
[    0.064817] Enabling APIC mode:  Flat.  Using 1 I/O APICs
[    0.067165] ..TIMER: vector=0x30 apic1=0 pin1=2 apic2=-1 pin2=-1
[    0.072000] smpboot: CPU0: AMD PRO A10-8750B R7, 12 Compute Cores 4C+8G (family: 0x15, model: 0x38, stepping: 0x1)
[    0.073587] Performance Events: Broken PMU hardware detected, using software events only.
[    0.075172] Failed to access perfctr msr (MSR c0010007 is 0)
[    0.076038] KVM setup paravirtual spinlock
[    0.077739] x86: Booting SMP configuration:
[    0.080003] .... node  #0, CPUs:      #1
[    0.000000] Initializing CPU#1
[    0.004000] kvm-clock: cpu 1, msr 0:37bfd041, secondary cpu clock
[    0.004000] mce: CPU supports 0 MCE banks
[    0.088554] x86: Booted up 1 node, 2 CPUs
[    0.092010] smpboot: Total of 2 processors activated (14373.13 BogoMIPS)
[    0.096861] devtmpfs: initialized
[    0.192263] evm: security.selinux
[    0.276009] evm: security.SMACK64
[    0.296008] evm: security.SMACK64EXEC
[    0.400007] evm: security.SMACK64TRANSMUTE
[    0.516002] evm: security.SMACK64MMAP
[    0.640010] evm: security.ima
[    0.744010] evm: security.capability
[    0.872235] clocksource: jiffies: mask: 0xffffffff max_cycles: 0xffffffff, max_idle_ns: 7645041785100000 ns
[    1.144021] futex hash table entries: 512 (order: 3, 32768 bytes)
[    1.312065] pinctrl core: initialized pinctrl subsystem
[    1.336174] RTC time:  1:50:02, date: 04/07/18
[    1.340165] NET: Registered protocol family 16
[    1.341189] EISA bus registered
[    1.348033] cpuidle: using governor ladder
[    1.368022] cpuidle: using governor menu
[    1.372018] PCCT header not found.
[    1.376009] ACPI: bus type PCI registered
[    1.376807] acpiphp: ACPI Hot Plug PCI Controller Driver version: 0.5
[    1.378236] PCI : PCI BIOS area is rw and x. Use pci=nobios if you want it NX.
[    1.380004] PCI: PCI BIOS revision 2.10 entry at 0xfda26, last bus=0
[    1.384001] PCI: Using configuration type 1 for base access
[    1.385049] PCI: Using configuration type 1 for extended access
[    1.400182] ACPI: Added _OSI(Module Device)
[    1.400950] ACPI: Added _OSI(Processor Device)
[    1.404019] ACPI: Added _OSI(3.0 _SCP Extensions)
[    1.408002] ACPI: Added _OSI(Processor Aggregator Device)
[    1.416446] ACPI: Executed 1 blocks of module-level executable AML code
[    1.424749] ACPI: Interpreter enabled
[    1.428014] ACPI: (supports S0 S5)
[    1.428721] ACPI: Using IOAPIC for interrupt routing
[    1.432165] PCI: Using host bridge windows from ACPI; if necessary, use "pci=nocrs" and report a bug
[    1.441752] ACPI: PCI Root Bridge [PCI0] (domain 0000 [bus 00-ff])
[    1.444006] acpi PNP0A03:00: _OSC: OS supports [ExtendedConfig ASPM ClockPM Segments MSI]
[    1.448006] acpi PNP0A03:00: _OSC failed (AE_NOT_FOUND); disabling ASPM
[    1.449311] PCI host bridge to bus 0000:00
[    1.452004] pci_bus 0000:00: root bus resource [io  0x0000-0x0cf7 window]
[    1.456003] pci_bus 0000:00: root bus resource [io  0x0d00-0xffff window]
[    1.460005] pci_bus 0000:00: root bus resource [mem 0x000a0000-0x000bffff window]
[    1.464007] pci_bus 0000:00: root bus resource [mem 0x40000000-0xffdfffff window]
[    1.468003] pci_bus 0000:00: root bus resource [bus 00-ff]
[    1.472252] pci 0000:00:01.1: legacy IDE quirk: reg 0x10: [io  0x01f0-0x01f7]
[    1.476002] pci 0000:00:01.1: legacy IDE quirk: reg 0x14: [io  0x03f6]
[    1.477117] pci 0000:00:01.1: legacy IDE quirk: reg 0x18: [io  0x0170-0x0177]
[    1.480002] pci 0000:00:01.1: legacy IDE quirk: reg 0x1c: [io  0x0376]
[    1.536625] ACPI: PCI Interrupt Link [LNKA] (IRQs 5 9 10 11) *0, disabled.
[    1.541682] ACPI: PCI Interrupt Link [LNKB] (IRQs 5 9 10 *11)
[    1.544779] ACPI: PCI Interrupt Link [LNKC] (IRQs 5 9 *10 11)
[    1.548781] ACPI: PCI Interrupt Link [LNKD] (IRQs 5 *9 10 11)
[    1.550197] ACPI: Enabled 2 GPEs in block 00 to 07
[    1.552232] vgaarb: setting as boot device: PCI:0000:00:02.0
[    1.552992] vgaarb: device added: PCI:0000:00:02.0,decodes=io+mem,owns=io+mem,locks=none
[    1.556004] vgaarb: loaded
[    1.556637] vgaarb: bridge control possible 0000:00:02.0
[    1.557898] SCSI subsystem initialized
[    1.558751] ACPI: bus type USB registered
[    1.560026] usbcore: registered new interface driver usbfs
[    1.564017] usbcore: registered new interface driver hub
[    1.568036] usbcore: registered new device driver usb
[    1.572316] PCI: Using ACPI for IRQ routing
[    1.576053] NetLabel: Initializing
[    1.576759] NetLabel:  domain hash size = 128
[    1.577570] NetLabel:  protocols = UNLABELED CIPSOv4
[    1.578477] NetLabel:  unlabeled traffic allowed by default
[    1.580083] amd_nb: Cannot enumerate AMD northbridges
[    1.584081] clocksource: Switched to clocksource kvm-clock
[    1.594402] AppArmor: AppArmor Filesystem Enabled
[    1.600728] pnp: PnP ACPI init
[   1.602084] pnp: PnP ACPI: found 3 devices
[    1.643767] PnPBIOS: Disabled by ACPI PNP
[   6966clksur: pim:as 0fff axycs:xffffff, max_id_n: 8510 n
[  2434]ETRested prooc fil2
[    3.658]CPstliedha tbl etres 892 (ord:  368yt)[   .9461]TC bind shab eri: 92orr:, 53byes)
[    6468TC Hh bl cnfigured stlied19bi 82)
[    .3904]DPastableenie 5 (de 2164 byts)[   .097 U-Le shabe ntes51(oder: 2 184yte)[  6098]ETRestre ptol amly
  6.34] i 000:00: mingirt I/I aner
[    80818pc00:0:00:ctatg A A ang worarnd

[    .705] pain iitrams.
[   10.884143] Freeing initrd memory: 10852K
[   10.951450] clocksource: tsc: mask: 0xffffffffffffffff max_cycles: 0x33cb8af5b44, max_idle_ns: 440795255642 ns
[   10.952322] platform rtc_cmos: registered platform RTC device (no PNP device found)
[   10.952366] Scanning for low memory corruption every 60 seconds
[   10.952783] audit: initializing netlink subsys (disabled)
[   10.952804] audit: type=2000 audit(1523065815.130:1): initialized
[   10.953059] Initialise system trusted keyring
[   10.953196] HugeTLB registered 2 MB page size, pre-allocated 0 pages
[   10.954872] zbud: loaded
[   10.955008] VFS: Disk quotas dquot_6.6.0
[   10.955046] VFS: Dquot-cache hash table entries: 1024 (order 0, 4096 bytes)
[   10.955283] squashfs: version 4.0 (2009/01/31) Phillip Lougher
[   .953 fsein (I rsn 23

[   10.955676] Key type big_key registered
[   10.955701] Allocating IMA MOK and blacklist keyrings.
[   10.956008] Key type asymmetric registered
[   10.956015] Asymmetric key parser 'x509' registered
[   10.956029] bounce: pool size: 64 pages
[   10.956067] Block layer SCSI generic (bsg) driver version 0.4 loaded (major 249)
[   10.956092] io scheduler noop registered
[   10.956094] io scheduler deadline registered (default)
[   10.956191] io scheduler cfq registered
[   10.956324] pci_hotplug: PCI Hot Plug PCI Core version: 0.5
[   10.956331] pciehp: PCI Express Hot Plug Controller Driver version: 0.4
[   10.956476] ACPI: AC Adapter [AC] (on-line)
[   10.956537] input: Power Button as /devices/LNXSYSTM:00/LNXPWRBN:00/input/input0
[   10.956541] ACPI: Power Button [PWRF]
[   10.956600] input: Sleep Button as /devices/LNXSYSTM:00/LNXSLPBN:00/input/input1
[   10.956601] ACPI: Sleep Button [SLPF]
[   10.956738] GHES: HEST is not enabled!
[   10.956833] isapnp: Scanning for PnP cards...
[   10.962416] Serial: 8250/16550 driver, 32 ports, IRQ sharing enabled
[   10.984312] 00:02: ttyS0 at I/O 0x3f8 (irq = 4, base_baud = 115200) is a 16550A
[   11.487841] Linux agpgart interface v0.103
[   11.491947] loop: module loaded
[   11.498792] scsi host0: ata_piix
[   11.503325] scsi host1: ata_piix
[   11.504115] ata1: PATA max UDMA/33 cmd 0x1f0 ctl 0x3f6 bmdma 0xd000 irq 14
[   11.505314] ata2: PATA max UDMA/33 cmd 0x170 ctl 0x376 bmdma 0xd008 irq 15
[   11.508101] libphy: Fixed MDIO Bus: probed
[   11.511294] tun: Universal TUN/TAP device driver, 1.6
[   11.512219] tun: (C) 1999-2004 Max Krasnyansky <maxk@qualcomm.com>
[   11.513400] PPP generic driver version 2.4.2
[   11.514312] ehci_hcd: USB 2.0 'Enhanced' Host Controller (EHCI) Driver
[   11.515440] ehci-pci: EHCI PCI platform driver
[   11.516386] ehci-platform: EHCI generic platform driver
[   11.517356] ohci_hcd: USB 1.1 'Open' Host Controller (OHCI) Driver
[   11.518453] ohci-pci: OHCI PCI platform driver
[   11.519313] ohci-platform: OHCI generic platform driver
[   11.520461] uhci_hcd: USB Universal Host Controller Interface driver
[   11.521602] i8042: PNP: PS/2 Controller [PNP0303:PS2K,PNP0f03:PS2M] at 0x60,0x64 irq 1,12
[   11.531990] serio: i8042 KBD port at 0x60,0x64 irq 1
[   11.532939] serio: i8042 AUX port at 0x60,0x64 irq 12
[   11.535139] mousedev: PS/2 mouse device common for all mice
[   11.536445] input: AT Translated Set 2 keyboard as /devices/platform/i8042/serio0/input/input2
[   11.538416] rtc_cmos rtc_cmos: rtc core: registered rtc_cmos as rtc0
[   11.540680] rtc_cmos rtc_cmos: alarms up to one day, 114 bytes nvram
[   11.541769] i2c /dev entries driver
[   11.542549] device-mapper: uevent: version 1.0.3
[   11.543477] device-mapper: ioctl: 4.34.0-ioctl (2015-10-28) initialised: dm-devel@redhat.com
[   11.548456] platform eisa.0: Probing EISA bus 0
[   11.549312] platform eisa.0: EISA: Cannot allocate resource for mainboard
[   11.550442] platform eisa.0: Cannot allocate resource for EISA slot 1
[   11.570235] platform eisa.0: Cannot allocate resource for EISA slot 2
[   11.571370] platform eisa.0: Cannot allocate resource for EISA slot 3
[   11.572488] platform eisa.0: Cannot allocate resource for EISA slot 4
[   11.573580] platform eisa.0: Cannot allocate resource for EISA slot 5
[   11.595181] platform eisa.0: Cannot allocate resource for EISA slot 6
[   11.596313] platform eisa.0: Cannot allocate resource for EISA slot 7
[   11.597404] platform eisa.0: Cannot allocate resource for EISA slot 8
[   11.598494] platform eisa.0: EISA: Detected 0 cards
[   11.599425] cpufreq-nforce2: No nForce2 chipset.
[   11.600327] ledtrig-cpu: registered to indicate activity on CPUs
[   11.601725] NET: Registered protocol family 10
[   11.603919] NET: Registered protocol family 17
[   11.605908] Key type dns_resolver registered
[   11.606925] Using IPI No-Shortcut mode
[   11.607816] registered taskstats version 1
[   11.608654] Loading compiled-in X.509 certificates
[   11.611950] Loaded X.509 cert 'Build time autogenerated kernel key: cd25daf5f2c6791a52e12acbf66969414c24a779'
[   11.625677] zswap: loaded using pool lzo/zbud
[   11.628359] Key type trusted registered
[   11.632932] Key type encrypted registered
[   11.640237] AppArmor: AppArmor sha1 policy hashing enabled
[   11.641223] ima: No TPM chip found, activating TPM-bypass!
[   11.657207] evm: HMAC attrs: 0x1
[   11.666796]   Magic number: 14:402:811
[   11.667674] rtc_cmos rtc_cmos: setting system clock to 2018-04-07 01:50:13 UTC (1523065813)
[   11.669424] BIOS EDD facility v0.16 2004-Jun-25, 0 devices found
[   11.670454] EDD information not available.
[   11.801000] isapnp: No Plug & Play device found
[   11.920900] Freeing unused kernel memory: 948K
[   12.810643] Write protecting the kernel text: 8016k
[   13.712629] Write protecting the kernel read-only data: 3176k
[   14.806249] NX-protecting the kernel data: 6320k
Loading, please wait...
starting version[   14.841085] random: systemd-udevd: uninitialized urandom read (16 bytes read, 1 bits of entropy available)
 229
[   14.842158] random: udevadm: uninitialized urandom read (16 bytes read, 1 bits of entropy available)
[   14.855689] random: udevadm: uninitialized urandom read (16 bytes read, 1 bits of entropy available)
[   14.855758] random: udevadm: uninitialized urandom read (16 bytes read, 1 bits of entropy available)
[   14.855946] random: udevadm: uninitialized urandom read (16 bytes read, 1 bits of entropy available)
[   14.856012] random: udevadm: uninitialized urandom read (16 bytes read, 1 bits of entropy available)
[   14.856079] random: udevadm: uninitialized urandom read (16 bytes read, 1 bits of entropy available)
[   14.856150] random: udevadm: uninitialized urandom read (16 bytes read, 1 bits of entropy available)
[   14.856214] random: udevadm: uninitialized urandom read (16 bytes read, 1 bits of entropy available)
[   14.856276] random: udevadm: uninitialized urandom read (16 bytes read, 1 bits of entropy available)
[   17.628940] Fusion MPT base driver 3.04.20
[   17.646272] Copyright (c) 1999-2008 LSI Corporation
[   17.654965] e1000: Intel(R) PRO/1000 Network Driver - version 7.3.21-k8-NAPI
[   17.665931] e1000: Copyright (c) 1999-2006 Intel Corporation.
[   17.726416] Fusion MPT SPI Host driver 3.04.20
[   17.929122] input: ImExPS/2 Generic Explorer Mouse as /devices/platform/i8042/serio1/input/input4
[   18.043558] e1000 0000:00:03.0 eth0: (PCI:33MHz:32-bit) 02:43:fb:3a:dc:1d
[   18.050089] e1000 0000:00:03.0 eth0: Intel(R) PRO/1000 Network Connection
[   18.052152] mptbase: ioc0: Initiating bringup
[   18.171034] ioc0: LSI53C1030 A0: Capabilities={Initiator}
[   19.102983] scsi host2: ioc0: LSI53C1030 A0, FwRev=00000000h, Ports=1, MaxQ=256, IRQ=20
[   19.487605] scsi 2:0:0:0: Direct-Access     VBOX     HARDDISK         1.0  PQ: 0 ANSI: 5
[   19.577306] scsi target2:0:0: Beginning Domain Validation
[   19.653664] scsi target2:0:0: Domain Validation skipping write tests
[   19.672507] scsi target2:0:0: Ending Domain Validation
[   19.679645] scsi target2:0:0: asynchronous
[   19.684479] scsi 2:0:1:0: Direct-Access     VBOX     HARDDISK         1.0  PQ: 0 ANSI: 5
[   19.693749] scsi target2:0:1: Beginning Domain Validation
[   19.700564] scsi target2:0:1: Domain Validation skipping write tests
[   19.705877] scsi target2:0:1: Ending Domain Validation
[   19.721596] scsi target2:0:1: asynchronous
[   19.741798] sd 2:0:0:0: Attached scsi generic sg0 type 0
[   19.780622] sd 2:0:0:0: [sda] 20971520 512-byte logical blocks: (10.7 GB/10.0 GiB)
[   19.803027] sd 2:0:0:0: [sda] Write Protect is off
[   19.806061] sd 2:0:0:0: [sda] Incomplete mode parameter data
[   19.839457] sd 2:0:0:0: [sda] Assuming drive cache: write through
[   19.845756] sd 2:0:1:0: [sdb] 20480 512-byte logical blocks: (10.5 MB/10.0 MiB)
[   19.845899] sd 2:0:1:0: [sdb] Write Protect is off
[   19.845990] sd 2:0:1:0: [sdb] Incomplete mode parameter data
[   19.845992] sd 2:0:1:0: [sdb] Assuming drive cache: write through
[   19.846196] sd 2:0:1:0: Attached scsi generic sg1 type 0
[   19.870776] sd 2:0:1:0: [sdb] Attached SCSI disk
[   19.883908] e1000 0000:00:08.0 eth1: (PCI:33MHz:32-bit) 08:00:27:c1:e2:5c
[   19.883913] e1000 0000:00:08.0 eth1: Intel(R) PRO/1000 Network Connection
[   20.089851] e1000 0000:00:08.0 enp0s8: renamed from eth1
[   20.122533]  sda: sda1
[   20.125822] sd 2:0:0:0: [sda] Attached SCSI disk
[   20.133498] e1000 0000:00:03.0 enp0s3: renamed from eth0
[   20.657203] floppy0: no floppy controllers found
Begin: Loading e[   22.471605] md: linear personality registered for level -1
ssential drivers ... [   22.518215] md: multipath personality registered for level -4
[   22.668354] md: raid0 personality registered for level 0
[   22.758149] md: raid1 personality registered for level 1
[   22.868425] raid6: mmxx1    gen()  2830 MB/s
[   22.948014] raid6: mmxx2    gen()  3963 MB/s
[   23.080253] raid6: sse1x1   gen()  2742 MB/s
[   23.252350] raid6: sse1x2   gen()  3489 MB/s
[   23.396538] raid6: sse2x1   gen()  4477 MB/s
[   23.596139] raid6: sse2x1   xor()  2653 MB/s
[   23.792025] raid6: sse2x2   gen()  5290 MB/s
[   24.000083] raid6: sse2x2   xor()  3208 MB/s
[   24.129754] raid6: using algorithm sse2x2 gen() 5290 MB/s
[   24.328964] raid6: .... xor() 3208 MB/s, rmw enabled
[   24.509790] raid6: using ssse3x1 recovery algorithm
[   24.682575] xor: automatically using best checksumming function:
[   24.728070]    avx       : 10092.000 MB/sec
[   24.733515] async_tx: api initialized (async)
[   24.755904] md: raid6 personality registered for level 6
[   24.764870] md: raid5 personality registered for level 5
[   24.770003] md: raid4 personality registered for level 4
[   24.786168] md: raid10 personality registered for level 10
done.
Begin: Running /scripts/init-premount ... done.
Begin: Mounting root file system ... Begin: Running /scripts/local-top ... done.
Begin: Running /scripts/local-premount ... [   24.874259] Btrfs loaded
Scanning for Btrfs filesystems
done.
Warning: fsck not present, so sk[   24.956699] EXT4-fs (sda1): mounted filesystem with ordered data mode. Opts: (null)
ipping root file system
done.
Begin: Running /scripts/local-bottom ... done.
Begin: Running /scripts/init-bottom ... done.
[   25.431147] systemd[1]: systemd 229 running in system mode. (+PAM +AUDIT +SELINUX +IMA +APPARMOR +SMACK +SYSVINIT +UTMP +LIBCRYPTSETUP +GCRYPT +GNUTLS +ACL +XZ -LZ4 +SECCOMP +BLKID +ELFUTILS +KMOD -IDN)
[   25.439841] systemd[1]: Detected virtualization oracle.
[   25.440902] systemd[1]: Detected architecture x86.

Welcome to [1mUbuntu 16.04.4 LTS[0m!

[   25.482605] systemd[1]: Set hostname to <ubuntu>.
[   2.568 sysmd]:niialingacneD omanm neto
[   26.272881] systemd[1]: Installed transient /etc/machine-id file.
[   26.721390] random: nonblocking pool is initialized
[   26.987584] systemd[1]: Listening on Device-mapper event daemon FIFOs.
[[0;32m  OK  [0m] Listening on Device-mapper event daemon FIFOs.
[ 27208]ysmd[1]: isnig  Jrn Ske(/ev/log).
[[0;32m  OK  [0m] Listening on Journal Socket (/dev/log).
[   27.644128] systemd[1]: Listening on Syslog Socket.
[[0;32m  OK  [0m] Listening on Syslog Socket.
[   27.648892] systemd[1]: Listening on udev Control Socket.
[[0;32m  OK  [0m] Listening on udev Control Socket.
[   27.656871] systemd[1]: Created slice System Slice.
[[0;32m  OK  [0m] Created slice System Slice.
[   27.662310] systemd[1]: Reached target Encrypted Volumes.
[[0;32m  OK  [0m] Reached target Encrypted Volumes.
[   27.664850] systemd[1]: Set up automount Arbitrary Executable File Formats File System Automount Point.
[[0;32m  OK  [0m] Set up automount Arbitrary Executab...ats File System Automount Point.
[   27.673036] systemd[1]: Reached target Swap.
[[0;32m  OK  [0m] Reached target Swap.
[   27.688528] systemd[1]: Started Forward Password Requests to Wall Directory Watch.
[[0;32m  OK  [0m] Started Forward Password Requests to Wall Directory Watch.
[ 27712741]ysmd]:reedliceseanSesionli.
[[0;32m  OK  [0m] Created slice User and Session Slice.
[   8.68] stmd[1]:eaedaret Sce
[[0;32m  OK  [0m] Reached target Slices.
[   28.956568] systemd[1]: Started Trigger resolvconf update for networkd DNS.
[[0;32m  OK  [0m] Started Trigger resolvconf update for networkd DNS.
[ 29042]ysmd1]: stin on /evnitlomtili Nedip
[[0;32m  OK  [0m] Listening on /dev/initctl Compatibility Named Pipe.
[ 301364syem1]Liteningonoualocket.
[[0;32m  OK  [0m] Listening on Journal Socket.
[   30.876293] systemd[1]: Mounting POSIX Message Queue File System...
         Mounting POSIX Message Queue File System...
[   30.977338] systemd[1]: Starting Uncomplicated firewall...
         Starting Uncomplicated firewall...
[   30.993797] systemd[1]: Starting Create list of required static device nodes for the current kernel...
         Starting Create list of required st... nodes for the current kernel...
[   31.036265] systemd[1]: Starting Remount Root and Kernel File Systems...
         [   31.053391] EXT4-fs (sda1): re-mounted. Opts: (null)
Starting Remount Root and Kernel File Systems...
[   31.072021] systemd[1]: Starting Nameserver information manager...
         Starting Nameserver information manager...
[   31.172503] systemd[1]: Starting Set console keymap...
         Starting Set console keymap...
[   31.340239] systemd[1]: Mounting Huge Pages File System...
         Mounting Huge Pages File System...
[   31.528265] systemd[1]: Listening on LVM2 metadata daemon socket.
[[0;32m  OK  [0m] Listening on LVM2 metadata daemon socket.
[   31.760663] systemd[1]: Starting Monitoring of LVM2 mirrors, snapshots etc. using dmeventd or progress polling...
         Starting Monitoring of LVM2 mirrors... dmeventd or progress polling...
[   32.036 sted[1]RehetaetseanGrup Ne oks.
[[0;32m  OK  [0m] Reached target User and Group Name Lookups.
[ 328451] std[: Reacd rget Sysm meynroze
[[0;32m  OK  [0m] Reached target System Time Synchronized.
[   33.656625] systemd[1]: Mounting Debug File System...
         Mounting Debug File System...
[   .825 ste[1 Ltengon uv rn Ske
[[0;32m  OK  [0m] Listening on udev Kernel Socket.
[   .576751]ysmd]: Ltengn url diSoet

[[0;32m  OK  [0m] Listening on Journal Audit Socket.
[   35.292698] systemd[1]: Starting Journal Service...
         Starting Journal Service...
[   35.303123] systemd[1]: Listening on LVM2 poll daemon socket.
[[0;32m  OK  [0m] Listening on LVM2 poll daemon socket.
[   35.328266] systemd[1]: Starting Load Kernel Modules...
         Starting Load Kernel Modules...
[   35.345372] systemd[1]: Created slice system-serial\x2dgetty.slice.
[[0;32m  OK  [0m] Created slice system-serial\x2dgetty.slice.
[   35.377195] systemd[1]: Mounted POSIX Message Queue File System.
[[0;32m  OK  [0m] Mounted POSIX Message Queue File System.
[   35.391215] systemd[1]: Mounted Debug File System.
[[0;32m  OK  [0m] Mounted Debug File System.
[   35.393317] systemd[1]: Mounted Huge Pages File System.
[[0;32m  OK  [0m] Mounted Huge Pages File System.
[   35.405324] systemd[1]: Started Uncomplicated firewall.
[   35.452319] Loading iSCSI transport class v2.0-870.
[[0;32m  OK  [0m] Started Uncomplicated firewall.
[   35.625723] systemd[1]: Started Create list of required static device nodes for the current kernel.
[[0;32m  OK  [0[   35.811431] iscsi: registered transport (tcp)
m] Started Create list of required sta...ce nodes for the current kernel.
[   35.948445] iscsi: registered transport (iser)
[   35.952941] systemd[1]: Started Remount Root and Kernel File Systems.
[[0;32m  OK  [0m] Started Remount Root and Kernel File Systems.
[   36.197132] systemd[1]: Started Set console keymap.
[[0;32m  OK  [0m] Started Set console keymap.
[  33885syem[1]:taedoad Kenel dus.
[[0;32m  OK  [0m] Started Load Kernel Modules.
[   37.056558] systemd[1]: Started Nameserver information manager.
[[0;32m  OK  [0m] Started Nameserver information manager.
[   37.283049] systemd[1]: Started Journal Service.
[[0;32m  OK  [0m] Started Journal Service.
[[0;32m  OK  [0m] Started LVM2 metadata daemon.
         Mounting FUSE Control File System...
         Starting Apply Kernel Variables...
         Starting Initial cloud-init job (pre-networking)...
         Starting Flush Journal to Persistent Storage...
         Starting udev Coldplug all Devices...
         Starting Load/Save Random Seed...
         Starting Create Static Device Nodes in /dev...
[[0;32m  OK  [0m] Mounted FUSE Control File System.
[[0;32m  OK  [0m] Started Apply Kernel Variables.
[[0;32m  OK  [0m] Started Load/Save Random Seed.
[[0;32m  OK  [0m] Started Create Static Device Nodes in /dev.
[[0;32m  OK  [0m] Started udev Coldplug all Devices.
[[0;32m  OK  [0m] Started Flush Journal to Persistent Storage.
         Starting udev Kernel Device Manager...
[[0;32m  OK  [0m] Started Monitoring of LVM2 mirrors,...ng dmeventd or progress polling.
[[0;32m  OK  [0m] Started udev Kernel Device Manager.
[[0;32m  OK  [0m] Started Dispatch Password Requests to Console Directory Watch.
[[0;32m  OK  [0m] Reached target Local File Systems (Pre).
[[0;32m  OK  [0m] Reached target Local File Systems.
         Starting Commit a transient machine-id on disk...
         Starting Create Volatile Files and Directories...
         Starting Set console font and keymap...
         Starting LSB: AppArmor initialization...
         Starting Tell Plymouth To Write Out Runtime Data...
[[0;32m  OK  [0m] Started Commit a transient machine-id on disk.
[[0;32m  OK  [0m] Started Create Volatile Files and Directories.
         Starting Update UTMP about System Boot/Shutdown...
[[0;32m  OK  [0m] Started Tell Plymouth To Write Out Runtime Data.
[[0;32m  OK  [0m] Started Update UTMP about System Boot/Shutdown.
[[0;32m  OK  [0m] Found device /dev/ttyS0.
[[0;32m  OK  [0m] Listening on Load/Save RF Kill Switch Status /dev/rfkill Watch.
[[0;32m  OK  [0m] Started LSB: AppArmor initialization.
[[0;32m  OK  [0m] Started Set console font and keymap.
[[0;32m  OK  [0m] Created slice system-getty.slice.
[   40.535836] cloud-init[451]: Cloud-init v. 17.2 running 'init-local' at Sat, 07 Apr 2018 01:50:41 +0000. Up 40.03 seconds.
[[0;32m  OK  [0m] Started Initial cloud-init job (pre-networking).
[[0;32m  OK  [0m] Reached target Network (Pre).
         Starting Raise network interfaces...
[[0;32m  OK  [0m] Started Raise network interfaces.
         Starting Initial cloud-init job (metadata service crawler)...
[[0;32m  OK  [0m] Reached target Network.
[   44.059267] cloud-init[948]: Cloud-init v. 17.2 running 'init' at Sat, 07 Apr 2018 01:50:43 +0000. Up 42.09 seconds.
[   44.121837] cloud-init[948]: ci-info: ++++++++++++++++++++++++++++++++++++++Net device info++++++++++++++++++++++++++++++++++++++
[[0;32m  OK  [0m[   44.127358] cloud-init[948]: ci-info: +--------+-------+----------------------------+---------------+-------+-------------------+
[   44.127698] cloud-init[948]: ci-info: | Device |   Up  |          Address           |      Mask     | Scope |     Hw-Address    |
] Started Initial cloud-init job (metadata service crawler).
[   44.128513] cloud-init[948]: ci-info: +--------+-------+----------------------------+---------------+-------+-------------------+
[   44.138854] cloud-init[948]: ci-info: | enp0s3 |  True |         10.0.2.15          | 255.255.255.0 |   .   | 02:43:fb:3a:dc:1d |
[   44.142956] cloud-init[948]: ci-info: | enp0s3 |  True | fe80::43:fbff:fe3a:dc1d/64 |       .       |  link | 02:43:fb:3a:dc:1d |
[   44.144909] cloud-init[948]: ci-info: | enp0s8 | False |             .              |       .       |   .   | 08:00:27:c1:e2:5c |
[   44.165578] cloud-init[948]: ci-info: |   lo   |  True |         127.0.0.1          |   255.0.0.0   |   .   |         .         |
[   44.166056] cloud-init[948]: ci-info: |   lo   |  True |          ::1/128           |       .       |  host |         .         |
[   44.166664] cloud-init[948]: ci-info: +--------+-------+----------------------------+---------------+-------+-------------------+
[[0;32m  OK  [0m] Reached target Network is Online.
[   44.166950] cloud-init[948]: ci-info: +++++++++++++++++++++++++++Route IPv4 info++++++++++++++++++++++++++++
[   44.197084] cloud-init[948]: ci-info: +-------+-------------+----------+---------------+-----------+-------+
[   44.199203] cloud-init[948]: ci-info: | Route | Destination | Gateway  |    Genmask    | Interface | Flags |
[   44.201377] cloud-init[948]: ci-info: +-------+-------------+----------+---------------+-----------+-------+
[   44.220293]          cloud-initStarting iSCSI initiator daemon (iscsid)...[948]: 
ci-info: |   0   |   0.0.0.0   | 10.0.2.2 |    0.0.0.0    |   enp0s3  |   UG  |
[   44.230519] cloud-init[[0;32m  OK  [0m] Reached target Cloud-config availability.
[[0;32m  OK  [0m] Reached target System Initialization.
[[0;32m  OK  [0m] Listening on D-Bus System Message Bus Socket.
[[0;32m  OK  [0m] Started Daily apt download activities.
[948]: ci-info: |   1   |   10.0.2.0  | 0.0.0.0  | 255.255.255.0 |   enp0s3  |   U   |
[   44.282473] [cloud-init[0;32m  OK  [0m[948]: ] ci-info: +-------+-------------+----------+---------------+-----------+-------+Started ACPI Events Check.

[[   44.283229] cloud-init[948]: Generating public/private rsa key pair.
[   44.301042] cloud-init[948]: Your identification has been saved in /etc/ssh/ssh_host_rsa_key.
[0;32m  OK  [0m] Reached target Paths.
[   44.301226] cloud-init[948]: Your public key has been saved in /etc/ssh/ssh_host_rsa_key.pub.
[   44.381787] cloud-init[948]: The key fingerprint is:
[[0;32m  OK  [0m] Started Daily apt upgrade and clean activities.
[   44.381955] cloud-init[948]: SHA256:evQMC5EE/UvYK4/A5j3xytmvvYnIUStBJpMd4OVpX6Q root@ubuntu-xenial
[   44.413053] cloud-init[948]: The key's randomart image is:
[[0;32m  OK  [0m] Started Daily Cleanup of Temporary Directories.
[   44.413285] cloud-init[948]: +---[RSA 2048]----+
[[0;32m  OK  [0m] Listening on UUID daemon activation socket.
[[   44.541587] cloud-init[948]: |    o++   .      |
[0;32m  OK  [0m] Started Timer to automatically refresh installed snaps.
[   44.577877] cloud-init[948]: |   . *.+ o       |
[   44.587340] cloud-init[948]: |    = X+E .      |
[   44.588326] cloud-init[948]: |     *.o+.       |
[   44.588812] cloud-init[948]: |   .  o.So       |
[[0;32m  OK  [0m] Reached target Timers.
[[   44.589506] cloud-init[948]: |    + o*o*       |
[   44.593519] cloud-init[948]: |   o o+*+ o      |
[   44.594316] cloud-init[948]: |    .o+Boo .     |
[0;32m  OK  [0m] Listening on ACPID Listen Socket.
[   44.594998] cloud-init[948]: |      *o+o=.     |
[   44.609717] cloud-init[948]: +----[SHA256]-----+
[   44.644506] cloud-init[948]: Generating public/private dsa key pair.
[   44.644871] cloud-init[948]: Your identification has been saved in /etc/ssh/ssh_host_dsa_key.
         Starting Socket activation for snappy daemon.
[   44.645036] cloud-init[948]: Your public key has been saved in /etc/ssh/ssh_host_dsa_key.pub.
[   44.836583] cloud-init[948]: The key fingerprint is:
[   44.896771]          cloud-initStarting LXD - unix socket.[948]: 
SHA256:eEu+4szpRnx7oqif0eb8i052IRkdISaSbD9m4MdXQQ4 root@ubuntu-xenial
[   45.028689] [cloud-init[0;32m  OK  [0m[948]: ] The key's randomart image is:Listening on Socket activation for snappy daemon.

[   45.029419] [cloud-init[948]: [0;32m  OK  [0m+---[DSA 1024]----+] 
Listening on LXD - unix socket.
[   45.133290] cloud-init[948]: | .... E.=o       |
[   45.160625] [cloud-init[0;32m  OK  [0m[948]: |  =. o =..       |
] Started iSCSI initiator daemon (iscsid).
[   45.161098] cloud-init[948]: | o +  ..o        |
[   45.204640]          cloud-initStarting Login to default iSCSI targets...[948]: 
|  . B .+         |
[   45.276401] [cloud-init[0;32m  OK  [0m[948]: ] |   + ++ S        |Reached target Sockets.

[[0;32m  OK  [0m] Reached target Basic System.
[   45.276830] cloud-init[948]: |     .o=.o       |
[   45.436729]          cloud-init[948]: |    ..=.+.       |
Starting LSB: MD monitoring daemon...
[   45.437343] cloud-init[948]: |     %o+o..      |
[   45.448836] cloud-init[948]: |  .o+=%+++       |
[   45.459216] cloud-init[948]: +----[SHA256]-----+
[   45.465179] cloud-init[948]: Generating public/private ecdsa key pair.
         Starting Apply the settings specified in cloud-config...
[   45.479596] cloud-init[948]: Your identification has been saved in /etc/ssh/ssh_host_ecdsa_key.
[   45.525333] cloud-init[948]: Your public key has been saved in /etc/ssh/ssh_host_ecdsa_key.pub.
[   45.536414] cloud-init[948]: The key fingerprint is:
         Starting Pollinate to seed the pseudo random number generator...
[   45.551900] cloud-init[948]: SHA256:wTZgTlfGGrkVtqXfK9vsUGISaW78a/EaXxp59u3g4HI root@ubuntu-xenial
         Starting LXD - container startup/shutdown...
[[0;32m  OK  [0m] Started Unattended Upgrades Shutdown.
[[0;32m  OK  [0m] Started FUSE filesystem for LXC.
[   45.609717] cloud-init[948]: The key's randomart image is:
[[0;32m  OK  [0m] Started Regular background program processing daemon.
[   45.652317] cloud-init[948]: +---[ECDSA 256]---+
[   45.673789] cloud-init[948]: |      + .+=..    |
[   45.675796] cloud-init[948]: |     + +ooo=     |
[   45.677881] cloud-init[948]: |      . ==*      |
[   45.679774] [[0;32m  OK  [0m] Started ACPI event daemon.
         Starting /etc/rc.local Compatibility...
[[0;32m  OK  [0m] Started Deferred execution scheduler.
         Starting System Logging Service...
         Starting Virtualbox guest utils...
cloud-init[948]: |       .o* o .   |
         Starting Accounts Service...
[   45.713478] cloud-init[948]: |        S = + o  |
[   45.742200] cloud-init[948]: |         . +.o o |
         Starting Login Service...
[   45.765415] cloud-init[948]: |            *o= +|
[   45.813456] cloud-init[948]: |          ..E%.Bo|
[   45.816247] cloud-init[948]: |           +=oB.+|
[   45.818629] cloud-init[948]: +----[SHA256]-----+
         Starting LSB: Record successful boot for GRUB...
[   45.832682] cloud-init[948]: Generating public/private ed25519 key pair.
[   45.896236] cloud-init[948]: Your identification has been saved in /etc/ssh/ssh_host_ed25519_key.
[[0;32m  OK  [0m] Started D-Bus System Message Bus.
[   45.904841] cloud-init[948]: Your public key has been saved in /etc/ssh/ssh_host_ed25519_key.pub.
[   45.915684] cloud-init[948]: The key fingerprint is:
[   45.920244] cloud-init[948]: SHA256:Nf/IItyEJYKVRAIBcBV7m3JYFLzkLWegCxz6ygxKHK4 root@ubuntu-xenial
[   45.923934] cloud-init[948]: The key's randomart image is:
[   45.932752] cloud-init[948]: +--[ED25519 256]--+
[   45.940456] cloud-init[948]: |+.+++=*o         |
[   45.942467] cloud-init[948]: | ..  *=          |
[   45.943351] cloud-init[948]: | o .o+++. +      |
[   45.944250] cloud-init[948]: |..o .++++= o     |
[   45.945126] cloud-init[948]: |o...o.++S . .    |
[   45.947248] cloud-init[948]: |.+. .o . o . o   |
[   45.950397] cloud-init[948]: |B.      o o o .  |
[   45.953702] cloud-init[948]: |Eo       . .     |
[   45.964507] cloud-init[948]: |                 |
[   45.980350] cloud-init[948]: +----[SHA256]-----+
         Starting Snappy daemon...
[   46.203868] cloud-init[1056]: Generating locales (this might take a while)...
[[0;32m  OK  [0m] Started System Logging Service.
[[0;32m  OK  [0m] Started /etc/rc.local Compatibility.
[[0;32m  OK  [0m] Started Login Service.
         Starting Authenticate and Authorize Users to Run Privileged Tasks...
[[0;32m  OK  [0m] Started Login to default iSCSI targets.
[[0;32m  OK  [0m] Started LSB: MD monitoring daemon.
[[0;32m  OK  [0m] Reached target Remote File Systems (Pre).
[[0;32m  OK  [0m] Reached target Remote File Systems.
         Starting LSB: automatic crash report generation...
         Starting LSB: daemon to balance interrupts for SMP systems...
         Starting Permit User Sessions...
         Starting LSB: Set the CPU Frequency Scaling governor to "ondemand"...
[[0;32m  OK  [0m] Started LSB: Record successful boot for GRUB.
[[0;32m  OK  [0m] Started Permit User Sessions.
         Starting Terminate Plymouth Boot Screen...
         Starting Hold until boot process finishes up...
[[0;32m  OK  [0m] Started LSB: automatic crash report generation.
[[0;32m  OK  [0m] Started LSB: daemon to balance interrupts for SMP systems.
[[0;32m  OK  [0m] Started LSB: Set the CPU Frequency Scaling governor to "ondemand".
[[0;32m  OK  [0m] Started Virtualbox guest utils.
[[0;32m  OK  [0m] Started Terminate Plymouth Boot Screen.
[[0;32m  OK  [0m] Started Hold until boot process finishes up.
[[0;32m  OK  [0m] Started Authenticate and Authorize Users to Run Privileged Tasks.
[[0;32m  OK  [0m] Started Accounts Service.
[[0;32m  OK  [0m] Started Serial Getty on ttyS0.
         Starting Set console scheme...
[[0;32m  OK  [0m] Started Getty on tty1.
[[0;32m  OK  [0m] Reached target Login Prompts.
[[0;32m  OK  [0m] Started LXD - container startup/shutdown.
[[0;32m  OK  [0m] Started Set console scheme.
[[0;32m  OK  [0m] Started Snappy daemon.
[   47.657413] cloud-init[1056]:   en_US.UTF-8... done
[   47.700950] cloud-init[1056]: Generation complete.
[[0;32m  OK  [0m] Started Pollinate to seed the pseudo random number generator.
         Starting OpenBSD Secure Shell server...
[[0;32m  OK  [0m] Started OpenBSD Secure Shell server.
[[0;32m  OK  [0m] Reached target Multi-User System.
[[0;32m  OK  [0m] Reached target Graphical Interface.
         Starting Update UTMP about System Runlevel Changes...
[[0;32m  OK  [0m] Started Update UTMP about System Runlevel Changes.
[[0;32m  OK  [0m] Created slice User Slice of vagrant.
         Starting User Manager for UID 1000...
[[0;32m  OK  [0m] Started Session 1 of user vagrant.
[[0;32m  OK  [0m] Started User Manager for UID 1000.
[   48.832743] cloud-init[1056]: Cloud-init v. 17.2 running 'modules:config' at Sat, 07 Apr 2018 01:50:47 +0000. Up 45.83 seconds.
[[0;32m  OK  [0m] Started Apply the settings specified in cloud-config.
         Starting Execute cloud user/final scripts...
ci-info: no authorized ssh keys fingerprints found for user ubuntu.
<14>Apr  7 01:50:51 ec2: 
<14>Apr  7 01:50:51 ec2: #############################################################
<14>Apr  7 01:50:51 ec2: -----BEGIN SSH HOST KEY FINGERPRINTS-----
<14>Apr  7 01:50:51 ec2: 1024 SHA256:eEu+4szpRnx7oqif0eb8i052IRkdISaSbD9m4MdXQQ4 root@ubuntu-xenial (DSA)
<14>Apr  7 01:50:51 ec2: 256 SHA256:wTZgTlfGGrkVtqXfK9vsUGISaW78a/EaXxp59u3g4HI root@ubuntu-xenial (ECDSA)
<14>Apr  7 01:50:51 ec2: 256 SHA256:Nf/IItyEJYKVRAIBcBV7m3JYFLzkLWegCxz6ygxKHK4 root@ubuntu-xenial (ED25519)
<14>Apr  7 01:50:51 ec2: 2048 SHA256:evQMC5EE/UvYK4/A5j3xytmvvYnIUStBJpMd4OVpX6Q root@ubuntu-xenial (RSA)
<14>Apr  7 01:50:51 ec2: -----END SSH HOST KEY FINGERPRINTS-----
<14>Apr  7 01:50:51 ec2: #############################################################
-----BEGIN SSH HOST KEY KEYS-----
ecdsa-sha2-nistp256 AAAAE2VjZHNhLXNoYTItbmlzdHAyNTYAAAAIbmlzdHAyNTYAAABBBI4EShAWXAhZ2if1rgGUF/g1Pokc7Y/hWutPDxU4qfQy+kEHBRMKLh05fy4qsP0yG+/MV5m6tPgnvegBXKlzOYg= root@ubuntu-xenial
ssh-ed25519 AAAAC3NzaC1lZDI1NTE5AAAAIDr7v4BrrvvAoXe+CqFPksVTwLGt9Y4EJHEtxmGGGic/ root@ubuntu-xenial
ssh-rsa AAAAB3NzaC1yc2EAAAADAQABAAABAQDXIOPJAa79k/DMFjPCPR0Vj1WGCHl/RHyXuJ9dsXv1c5HhEc5H7oaSbREco1A2vXs5B9mwEkwqjF6rJGqM741WGZ0dL+bwrXdDHytPQRo5sYhVi4eS2NDA5wgaQXlgy2Ls1ch+Fqq8vnA6x4s48MxwkuPcVgpj4zIfq51H7bQDgimEp4Lzsnc17z6bDQizAsN3ys9eie6Wu9UuN2aKaxRqTaO6/gm4UWlt/DzwpqOOqI7kJiyhOcEWiD6IadYeoGBo26Oupm1lkFknzDqaSpCKufpqyR9jofIE365PEpAG4KBGUFHEHaKsFHRf4gxX7zTh3QYxKtoj3tKvgRjGLnsV root@ubuntu-xenial
-----END SSH HOST KEY KEYS-----
[   49.902081] cloud-init[1370]: Cloud-init v. 17.2 running 'modules:final' at Sat, 07 Apr 2018 01:50:51 +0000. Up 49.32 seconds.
[   49.918712] cloud-init[1370]: ci-info: no authorized ssh keys fingerprints found for user ubuntu.
[   49.930841] cloud-init[1370]: Cloud-init v. 17.2 finished at Sat, 07 Apr 2018 01:50:51 +0000. Datasource DataSourceNoCloud [seed=/dev/sdb][dsmode=net].  Up 49.89 seconds
[[0;32m  OK  [0m] Started Execute cloud user/final scripts.
[[0;32m  OK  [0m] Reached target Cloud-init target.

Ubuntu 16.04.4 LTS ubuntu-xenial ttyS0

ubuntu-xenial login:          Stopping User Manager f         Stopping Getty on tty1...
         Stopping Regular background program processing daemon...
         Stopping Snappy daemon...
         Stopping LSB: Record successful boot for GRUB...
         Stopping OpenBSD Secure Shell server...
         Stopping Deferred execution scheduler...
         Stopping System Logging Service...
         Stopping FUSE filesystem for LXC...
         Stopping D-Bus System Message Bus...
         Stopping Virtualbox guest utils...
         Stopping LXD - container startup/shutdown...
         Stopping LSB: MD monitoring daemon...
         Stopping LSB: daemon to balance interrupts for SMP systems...
         Stopping LSB: automatic crash report generation...
         Stopping LSB: Set the CPU Frequency Scaling governor to "ondemand"...
         Stopping Unattended Upgrades Shutdown...
[[0;32m  OK  [0m] Unmounted /var/lib/lxcfs.
[[0;32m  OK  [0m] Stopped Regular background program processing daemon.
[[0;32m  OK  [0m] Stopped ACPI event daemon.
[[0;32m  OK  [0m] Stopped Deferred execution scheduler.
[[0;32m  OK  [0m] Stopped System Logging Service.
[[0;32m  OK  [0m] Stopped Accounts Service.
[[0;32m  OK  [0m] Stopped Snappy daemon.
[[0;32m  OK  [0m] Stopped Authenticate and Authorize Users to Run Privileged Tasks.
[[0;32m  OK  [0m] Stopped Serial Getty on ttyS0.
[[0;32m  OK  [0m] Stopped Getty on tty1.
[[0;32m  OK  [0m] Stopped OpenBSD Secure Shell server.
[[0;32m  OK  [0m] Stopped User Manager for UID 1000.
[[0;32m  OK  [0m] Stopped Session 3 of user vagrant.
[[0;32m  OK  [0m] Stopped D-Bus System Message Bus.
[[0;32m  OK  [0m] Stopped Unattended Upgrades Shutdown.
[[0;32m  OK  [0m] Stopped FUSE filesystem for LXC.
[[0;32m  OK  [0m] Stopped LSB: Record successful boot for GRUB.
[[0;32m  OK  [0m] Stopped LXD - container startup/shutdown.
[[0;32m  OK  [0m] Stopped Virtualbox guest utils.
[[0;32m  OK  [0m] Stopped LSB: MD monitoring daemon.
[[0;32m  OK  [0m] Stopped LSB: daemon to balance interrupts for SMP systems.
[[0;32m  OK  [0m] Stopped LSB: automatic crash report generation.
[[0;32m  OK  [0m] Stopped LSB: Set the CPU Frequency Scaling governor to "ondemand".
[[0;32m  OK  [0m] Removed slice User Slice of vagrant.
         Stopping Login Service...
[[0;32m  OK  [0m] Removed slice system-getty.slice.
[[0;32m  OK  [0m] Stopped /etc/rc.local Compatibility.
         Stopping Permit User Sessions...
[[0;32m  OK  [0m] Removed slice system-serial\x2dgetty.slice.
[[0;32m  OK  [0m] Stopped Login Service.
[[0;32m  OK  [0m] Stopped Permit User Sessions.
[[0;32m  OK  [0m] Stopped target Remote File Systems.
[[0;32m  OK  [0m] Stopped target Remote File Systems (Pre).
         Stopping Login to default iSCSI targets...
[[0;32m  OK  [0m] Stopped target User and Group Name Lookups.
[[0;32m  OK  [0m] Stopped target Basic System.
[[0;32m  OK  [0m] Stopped target Sockets.
[[0;32m  OK  [0m] Closed UUID daemon activation socket.
[[0;32m  OK  [0m] Closed Syslog Socket.
[[0;32m  OK  [0m] Closed D-Bus System Message Bus Socket.
[[0;32m  OK  [0m] Closed LXD - unix socket.
[[0;32m  OK  [0m] Closed Socket activation for snappy daemon.
[[0;32m  OK  [0m] Closed ACPID Listen Socket.
[[0;32m  OK  [0m] Stopped target Slices.
[[0;32m  OK  [0m] Removed slice User and Session Slice.
[[0;32m  OK  [0m] Stopped target Paths.
[[0;32m  OK  [0m] Stopped ACPI Events Check.
[[0;32m  OK  [0m] Stopped Forward Password Requests to Wall Directory Watch.
[[0;32m  OK  [0m] Stopped Dispatch Password Requests to Console Directory Watch.
[[0;32m  OK  [0m] Stopped target System Initialization.
[[0;32m  OK  [0m] Stopped Commit a transient machine-id on disk.
         Stopping Load/Save Random Seed...
[[0;32m  OK  [0m] Stopped target Swap.
         Stopping Update UTMP about System Boot/Shutdown...
[[0;32m  OK  [0m] Stopped target Encrypted Volumes.
[[0;32m  OK  [0m] Stopped Load/Save Random Seed.
[[0;32m  OK  [0m] Stopped Update UTMP about System Boot/Shutdown.
[[0;32m  OK  [0m] Stopped Login to default iSCSI targets.
         Stopping iSCSI initiator daemon (iscsid)...
[[0;32m  OK  [0m] Stopped Create Volatile Files and Directories.
[[0;32m  OK  [0m] Stopped iSCSI initiator daemon (iscsid).
[[0;32m  OK  [0m] Stopped target Network is Online.
[[0;32m  OK  [0m] Stopped Initial cloud-init job (metadata service crawler).
[[0;32m  OK  [0m] Stopped target Network.
         Stopping Raise network interfaces...
[[0;32m  OK  [0m] Stopped Raise network interfaces.
[[0;32m  OK  [0m] Stopped target Local File Systems.
         Unmounting /vagrant...
         Unmounting /run/user/1000...
[[0;32m  OK  [0m] Stopped Apply Kernel Variables.
[[0;32m  OK  [0m] Stopped Load Kernel Modules.
[[0;32m  OK  [0m] Stopped target Network (Pre).
[[0;32m  OK  [0m] Stopped Initial cloud-init job (pre-networking).
[[0;32m  OK  [0m] Unmounted /vagrant.
[[0;32m  OK  [0m] Unmounted /run/user/1000.
[[0;32m  OK  [0m] Reached target Unmount All Filesystems.
[[0;32m  OK  [0m] Stopped target Local File Systems (Pre).
[[0;32m  OK  [0m] Stopped Create Static Device Nodes in /dev.
[[0;32m  OK  [0m] Stopped Remount Root and Kernel File Systems.
[[0;32m  OK  [0m] Reached target Shutdown.
[  4.569 roo Pwer wn
